Archive member included to satisfy reference by file (symbol)

C:/NXP/S32DS_ARM_v2.2/S32DS/build_tools/gcc_v6.3/gcc-6.3-arm32-eabi/arm-none-eabi/newlib/lib/thumb/v7e-m\libc.a(lib_a-exit.o)
                              C:/NXP/S32DS_ARM_v2.2/S32DS/build_tools/gcc_v6.3/gcc-6.3-arm32-eabi/arm-none-eabi/newlib/lib/thumb/v7e-m/crt0.o (exit)
C:/NXP/S32DS_ARM_v2.2/S32DS/build_tools/gcc_v6.3/gcc-6.3-arm32-eabi/arm-none-eabi/newlib/lib/thumb/v7e-m\libc.a(lib_a-impure.o)
                              C:/NXP/S32DS_ARM_v2.2/S32DS/build_tools/gcc_v6.3/gcc-6.3-arm32-eabi/arm-none-eabi/newlib/lib/thumb/v7e-m\libc.a(lib_a-exit.o) (_global_impure_ptr)
C:/NXP/S32DS_ARM_v2.2/S32DS/build_tools/gcc_v6.3/gcc-6.3-arm32-eabi/arm-none-eabi/newlib/lib/thumb/v7e-m\libc.a(lib_a-init.o)
                              C:/NXP/S32DS_ARM_v2.2/S32DS/build_tools/gcc_v6.3/gcc-6.3-arm32-eabi/arm-none-eabi/newlib/lib/thumb/v7e-m/crt0.o (__libc_init_array)
C:/NXP/S32DS_ARM_v2.2/S32DS/build_tools/gcc_v6.3/gcc-6.3-arm32-eabi/arm-none-eabi/newlib/lib/thumb/v7e-m\libc.a(lib_a-memset.o)
                              C:/NXP/S32DS_ARM_v2.2/S32DS/build_tools/gcc_v6.3/gcc-6.3-arm32-eabi/arm-none-eabi/newlib/lib/thumb/v7e-m/crt0.o (memset)
C:/NXP/S32DS_ARM_v2.2/S32DS/build_tools/gcc_v6.3/gcc-6.3-arm32-eabi/arm-none-eabi/newlib/lib/thumb/v7e-m\libc.a(lib_a-__call_atexit.o)
                              C:/NXP/S32DS_ARM_v2.2/S32DS/build_tools/gcc_v6.3/gcc-6.3-arm32-eabi/arm-none-eabi/newlib/lib/thumb/v7e-m\libc.a(lib_a-exit.o) (__call_exitprocs)
C:/NXP/S32DS_ARM_v2.2/S32DS/build_tools/gcc_v6.3/gcc-6.3-arm32-eabi/arm-none-eabi/newlib/lib/thumb/v7e-m\libc.a(lib_a-fini.o)
                              C:/NXP/S32DS_ARM_v2.2/S32DS/build_tools/gcc_v6.3/gcc-6.3-arm32-eabi/arm-none-eabi/newlib/lib/thumb/v7e-m\libc.a(lib_a-__call_atexit.o) (__libc_fini_array)
C:/NXP/S32DS_ARM_v2.2/S32DS/build_tools/gcc_v6.3/gcc-6.3-arm32-eabi/arm-none-eabi/newlib/lib/thumb/v7e-m\libc.a(lib_a-atexit.o)
                              C:/NXP/S32DS_ARM_v2.2/S32DS/build_tools/gcc_v6.3/gcc-6.3-arm32-eabi/arm-none-eabi/newlib/lib/thumb/v7e-m\libc.a(lib_a-__call_atexit.o) (atexit)
C:/NXP/S32DS_ARM_v2.2/S32DS/build_tools/gcc_v6.3/gcc-6.3-arm32-eabi/arm-none-eabi/newlib/lib/thumb/v7e-m\libc.a(lib_a-__atexit.o)
                              C:/NXP/S32DS_ARM_v2.2/S32DS/build_tools/gcc_v6.3/gcc-6.3-arm32-eabi/arm-none-eabi/newlib/lib/thumb/v7e-m\libc.a(lib_a-atexit.o) (__register_exitproc)
C:/NXP/S32DS_ARM_v2.2/S32DS/build_tools/gcc_v6.3/gcc-6.3-arm32-eabi/arm-none-eabi/newlib/lib/thumb/v7e-m\libnosys.a(_exit.o)
                              C:/NXP/S32DS_ARM_v2.2/S32DS/build_tools/gcc_v6.3/gcc-6.3-arm32-eabi/arm-none-eabi/newlib/lib/thumb/v7e-m\libc.a(lib_a-exit.o) (_exit)

Discarded input sections

 .text          0x00000000        0x0 c:/nxp/s32ds_arm_v2.2/s32ds/build_tools/gcc_v6.3/gcc-6.3-arm32-eabi/bin/../lib/gcc/arm-none-eabi/6.3.1/thumb/v7e-m/crti.o
 .data          0x00000000        0x0 c:/nxp/s32ds_arm_v2.2/s32ds/build_tools/gcc_v6.3/gcc-6.3-arm32-eabi/bin/../lib/gcc/arm-none-eabi/6.3.1/thumb/v7e-m/crti.o
 .bss           0x00000000        0x0 c:/nxp/s32ds_arm_v2.2/s32ds/build_tools/gcc_v6.3/gcc-6.3-arm32-eabi/bin/../lib/gcc/arm-none-eabi/6.3.1/thumb/v7e-m/crti.o
 .data          0x00000000        0x4 c:/nxp/s32ds_arm_v2.2/s32ds/build_tools/gcc_v6.3/gcc-6.3-arm32-eabi/bin/../lib/gcc/arm-none-eabi/6.3.1/thumb/v7e-m/crtbegin.o
 .data          0x00000000        0x0 C:/NXP/S32DS_ARM_v2.2/S32DS/build_tools/gcc_v6.3/gcc-6.3-arm32-eabi/arm-none-eabi/newlib/lib/thumb/v7e-m/crt0.o
 .bss           0x00000000        0x0 C:/NXP/S32DS_ARM_v2.2/S32DS/build_tools/gcc_v6.3/gcc-6.3-arm32-eabi/arm-none-eabi/newlib/lib/thumb/v7e-m/crt0.o
 .ARM.extab     0x00000000        0x0 C:/NXP/S32DS_ARM_v2.2/S32DS/build_tools/gcc_v6.3/gcc-6.3-arm32-eabi/arm-none-eabi/newlib/lib/thumb/v7e-m/crt0.o
 .group         0x00000000        0x8 ./Project_Settings/Startup_Code/startup.o
 .group         0x00000000        0x8 ./Project_Settings/Startup_Code/startup.o
 .group         0x00000000        0x8 ./Project_Settings/Startup_Code/startup.o
 .group         0x00000000        0x8 ./Project_Settings/Startup_Code/startup.o
 .group         0x00000000        0x8 ./Project_Settings/Startup_Code/startup.o
 .group         0x00000000        0x8 ./Project_Settings/Startup_Code/startup.o
 .group         0x00000000        0x8 ./Project_Settings/Startup_Code/startup.o
 .group         0x00000000        0x8 ./Project_Settings/Startup_Code/startup.o
 .group         0x00000000        0x8 ./Project_Settings/Startup_Code/startup.o
 .group         0x00000000        0x8 ./Project_Settings/Startup_Code/startup.o
 .group         0x00000000        0x8 ./Project_Settings/Startup_Code/startup.o
 .group         0x00000000        0x8 ./Project_Settings/Startup_Code/startup.o
 .group         0x00000000        0x8 ./Project_Settings/Startup_Code/startup.o
 .text          0x00000000        0x0 ./Project_Settings/Startup_Code/startup.o
 .data          0x00000000        0x0 ./Project_Settings/Startup_Code/startup.o
 .bss           0x00000000        0x0 ./Project_Settings/Startup_Code/startup.o
 .rodata.s_vectors
                0x00000000        0x4 ./Project_Settings/Startup_Code/startup.o
 .data          0x00000000        0x0 ./Project_Settings/Startup_Code/startup_S32K144.o
 .bss           0x00000000        0x0 ./Project_Settings/Startup_Code/startup_S32K144.o
 .group         0x00000000        0x8 ./Project_Settings/Startup_Code/system_S32K144.o
 .group         0x00000000        0x8 ./Project_Settings/Startup_Code/system_S32K144.o
 .group         0x00000000        0x8 ./Project_Settings/Startup_Code/system_S32K144.o
 .group         0x00000000        0x8 ./Project_Settings/Startup_Code/system_S32K144.o
 .group         0x00000000        0x8 ./Project_Settings/Startup_Code/system_S32K144.o
 .group         0x00000000        0x8 ./Project_Settings/Startup_Code/system_S32K144.o
 .group         0x00000000        0x8 ./Project_Settings/Startup_Code/system_S32K144.o
 .group         0x00000000        0x8 ./Project_Settings/Startup_Code/system_S32K144.o
 .group         0x00000000        0x8 ./Project_Settings/Startup_Code/system_S32K144.o
 .group         0x00000000        0x8 ./Project_Settings/Startup_Code/system_S32K144.o
 .group         0x00000000        0x8 ./Project_Settings/Startup_Code/system_S32K144.o
 .group         0x00000000        0x8 ./Project_Settings/Startup_Code/system_S32K144.o
 .group         0x00000000        0x8 ./Project_Settings/Startup_Code/system_S32K144.o
 .group         0x00000000        0x8 ./Project_Settings/Startup_Code/system_S32K144.o
 .text          0x00000000        0x0 ./Project_Settings/Startup_Code/system_S32K144.o
 .data          0x00000000        0x0 ./Project_Settings/Startup_Code/system_S32K144.o
 .bss           0x00000000        0x0 ./Project_Settings/Startup_Code/system_S32K144.o
 .data.SystemCoreClock
                0x00000000        0x4 ./Project_Settings/Startup_Code/system_S32K144.o
 .text.SystemCoreClockUpdate
                0x00000000       0xf0 ./Project_Settings/Startup_Code/system_S32K144.o
 .text.SystemSoftwareReset
                0x00000000       0x3e ./Project_Settings/Startup_Code/system_S32K144.o
 .rodata.fircFreq.5176
                0x00000000        0x4 ./Project_Settings/Startup_Code/system_S32K144.o
 .debug_macro   0x00000000      0x8d4 ./Project_Settings/Startup_Code/system_S32K144.o
 .debug_macro   0x00000000       0x10 ./Project_Settings/Startup_Code/system_S32K144.o
 .debug_macro   0x00000000       0x7a ./Project_Settings/Startup_Code/system_S32K144.o
 .debug_macro   0x00000000       0x22 ./Project_Settings/Startup_Code/system_S32K144.o
 .debug_macro   0x00000000       0x87 ./Project_Settings/Startup_Code/system_S32K144.o
 .debug_macro   0x00000000       0x51 ./Project_Settings/Startup_Code/system_S32K144.o
 .debug_macro   0x00000000       0xef ./Project_Settings/Startup_Code/system_S32K144.o
 .debug_macro   0x00000000       0x6a ./Project_Settings/Startup_Code/system_S32K144.o
 .debug_macro   0x00000000      0x1df ./Project_Settings/Startup_Code/system_S32K144.o
 .debug_macro   0x00000000      0xb86 ./Project_Settings/Startup_Code/system_S32K144.o
 .debug_macro   0x00000000       0x22 ./Project_Settings/Startup_Code/system_S32K144.o
 .group         0x00000000        0x8 ./src/CLOCK.o
 .group         0x00000000        0x8 ./src/CLOCK.o
 .text          0x00000000        0x0 ./src/CLOCK.o
 .data          0x00000000        0x0 ./src/CLOCK.o
 .bss           0x00000000        0x0 ./src/CLOCK.o
 .debug_macro   0x00000000      0x8d4 ./src/CLOCK.o
 .group         0x00000000        0x8 ./src/FTM.o
 .group         0x00000000        0x8 ./src/FTM.o
 .text          0x00000000        0x0 ./src/FTM.o
 .data          0x00000000        0x0 ./src/FTM.o
 .bss           0x00000000        0x0 ./src/FTM.o
 .debug_macro   0x00000000      0x8d4 ./src/FTM.o
 .debug_macro   0x00000000      0x11e ./src/FTM.o
 .group         0x00000000        0x8 ./src/GPIO.o
 .group         0x00000000        0x8 ./src/GPIO.o
 .text          0x00000000        0x0 ./src/GPIO.o
 .data          0x00000000        0x0 ./src/GPIO.o
 .bss           0x00000000        0x0 ./src/GPIO.o
 .debug_macro   0x00000000      0x8d4 ./src/GPIO.o
 .debug_macro   0x00000000      0x11e ./src/GPIO.o
 .group         0x00000000        0x8 ./src/LPUART.o
 .group         0x00000000        0x8 ./src/LPUART.o
 .text          0x00000000        0x0 ./src/LPUART.o
 .data          0x00000000        0x0 ./src/LPUART.o
 .bss           0x00000000        0x0 ./src/LPUART.o
 .debug_macro   0x00000000      0x8d4 ./src/LPUART.o
 .debug_macro   0x00000000      0x11e ./src/LPUART.o
 .group         0x00000000        0x8 ./src/NVIC.o
 .group         0x00000000        0x8 ./src/NVIC.o
 .text          0x00000000        0x0 ./src/NVIC.o
 .data          0x00000000        0x0 ./src/NVIC.o
 .bss           0x00000000        0x0 ./src/NVIC.o
 .debug_macro   0x00000000      0x8d4 ./src/NVIC.o
 .debug_macro   0x00000000      0x11e ./src/NVIC.o
 .group         0x00000000        0x8 ./src/function.o
 .group         0x00000000        0x8 ./src/function.o
 .text          0x00000000        0x0 ./src/function.o
 .data          0x00000000        0x0 ./src/function.o
 .bss           0x00000000        0x0 ./src/function.o
 .debug_macro   0x00000000      0x8d4 ./src/function.o
 .debug_macro   0x00000000      0x11e ./src/function.o
 .group         0x00000000        0x8 ./src/main.o
 .group         0x00000000        0x8 ./src/main.o
 .text          0x00000000        0x0 ./src/main.o
 .data          0x00000000        0x0 ./src/main.o
 .bss           0x00000000        0x0 ./src/main.o
 .debug_macro   0x00000000      0x8d4 ./src/main.o
 .debug_macro   0x00000000      0x11e ./src/main.o
 .text          0x00000000        0x0 C:/NXP/S32DS_ARM_v2.2/S32DS/build_tools/gcc_v6.3/gcc-6.3-arm32-eabi/arm-none-eabi/newlib/lib/thumb/v7e-m\libc.a(lib_a-exit.o)
 .data          0x00000000        0x0 C:/NXP/S32DS_ARM_v2.2/S32DS/build_tools/gcc_v6.3/gcc-6.3-arm32-eabi/arm-none-eabi/newlib/lib/thumb/v7e-m\libc.a(lib_a-exit.o)
 .bss           0x00000000        0x0 C:/NXP/S32DS_ARM_v2.2/S32DS/build_tools/gcc_v6.3/gcc-6.3-arm32-eabi/arm-none-eabi/newlib/lib/thumb/v7e-m\libc.a(lib_a-exit.o)
 .text          0x00000000        0x0 C:/NXP/S32DS_ARM_v2.2/S32DS/build_tools/gcc_v6.3/gcc-6.3-arm32-eabi/arm-none-eabi/newlib/lib/thumb/v7e-m\libc.a(lib_a-impure.o)
 .data          0x00000000        0x0 C:/NXP/S32DS_ARM_v2.2/S32DS/build_tools/gcc_v6.3/gcc-6.3-arm32-eabi/arm-none-eabi/newlib/lib/thumb/v7e-m\libc.a(lib_a-impure.o)
 .bss           0x00000000        0x0 C:/NXP/S32DS_ARM_v2.2/S32DS/build_tools/gcc_v6.3/gcc-6.3-arm32-eabi/arm-none-eabi/newlib/lib/thumb/v7e-m\libc.a(lib_a-impure.o)
 .data._impure_ptr
                0x00000000        0x4 C:/NXP/S32DS_ARM_v2.2/S32DS/build_tools/gcc_v6.3/gcc-6.3-arm32-eabi/arm-none-eabi/newlib/lib/thumb/v7e-m\libc.a(lib_a-impure.o)
 .text          0x00000000        0x0 C:/NXP/S32DS_ARM_v2.2/S32DS/build_tools/gcc_v6.3/gcc-6.3-arm32-eabi/arm-none-eabi/newlib/lib/thumb/v7e-m\libc.a(lib_a-init.o)
 .data          0x00000000        0x0 C:/NXP/S32DS_ARM_v2.2/S32DS/build_tools/gcc_v6.3/gcc-6.3-arm32-eabi/arm-none-eabi/newlib/lib/thumb/v7e-m\libc.a(lib_a-init.o)
 .bss           0x00000000        0x0 C:/NXP/S32DS_ARM_v2.2/S32DS/build_tools/gcc_v6.3/gcc-6.3-arm32-eabi/arm-none-eabi/newlib/lib/thumb/v7e-m\libc.a(lib_a-init.o)
 .text          0x00000000        0x0 C:/NXP/S32DS_ARM_v2.2/S32DS/build_tools/gcc_v6.3/gcc-6.3-arm32-eabi/arm-none-eabi/newlib/lib/thumb/v7e-m\libc.a(lib_a-memset.o)
 .data          0x00000000        0x0 C:/NXP/S32DS_ARM_v2.2/S32DS/build_tools/gcc_v6.3/gcc-6.3-arm32-eabi/arm-none-eabi/newlib/lib/thumb/v7e-m\libc.a(lib_a-memset.o)
 .bss           0x00000000        0x0 C:/NXP/S32DS_ARM_v2.2/S32DS/build_tools/gcc_v6.3/gcc-6.3-arm32-eabi/arm-none-eabi/newlib/lib/thumb/v7e-m\libc.a(lib_a-memset.o)
 .text          0x00000000        0x0 C:/NXP/S32DS_ARM_v2.2/S32DS/build_tools/gcc_v6.3/gcc-6.3-arm32-eabi/arm-none-eabi/newlib/lib/thumb/v7e-m\libc.a(lib_a-__call_atexit.o)
 .data          0x00000000        0x0 C:/NXP/S32DS_ARM_v2.2/S32DS/build_tools/gcc_v6.3/gcc-6.3-arm32-eabi/arm-none-eabi/newlib/lib/thumb/v7e-m\libc.a(lib_a-__call_atexit.o)
 .bss           0x00000000        0x0 C:/NXP/S32DS_ARM_v2.2/S32DS/build_tools/gcc_v6.3/gcc-6.3-arm32-eabi/arm-none-eabi/newlib/lib/thumb/v7e-m\libc.a(lib_a-__call_atexit.o)
 .text          0x00000000        0x0 C:/NXP/S32DS_ARM_v2.2/S32DS/build_tools/gcc_v6.3/gcc-6.3-arm32-eabi/arm-none-eabi/newlib/lib/thumb/v7e-m\libc.a(lib_a-fini.o)
 .data          0x00000000        0x0 C:/NXP/S32DS_ARM_v2.2/S32DS/build_tools/gcc_v6.3/gcc-6.3-arm32-eabi/arm-none-eabi/newlib/lib/thumb/v7e-m\libc.a(lib_a-fini.o)
 .bss           0x00000000        0x0 C:/NXP/S32DS_ARM_v2.2/S32DS/build_tools/gcc_v6.3/gcc-6.3-arm32-eabi/arm-none-eabi/newlib/lib/thumb/v7e-m\libc.a(lib_a-fini.o)
 .text          0x00000000        0x0 C:/NXP/S32DS_ARM_v2.2/S32DS/build_tools/gcc_v6.3/gcc-6.3-arm32-eabi/arm-none-eabi/newlib/lib/thumb/v7e-m\libc.a(lib_a-atexit.o)
 .data          0x00000000        0x0 C:/NXP/S32DS_ARM_v2.2/S32DS/build_tools/gcc_v6.3/gcc-6.3-arm32-eabi/arm-none-eabi/newlib/lib/thumb/v7e-m\libc.a(lib_a-atexit.o)
 .bss           0x00000000        0x0 C:/NXP/S32DS_ARM_v2.2/S32DS/build_tools/gcc_v6.3/gcc-6.3-arm32-eabi/arm-none-eabi/newlib/lib/thumb/v7e-m\libc.a(lib_a-atexit.o)
 .text          0x00000000        0x0 C:/NXP/S32DS_ARM_v2.2/S32DS/build_tools/gcc_v6.3/gcc-6.3-arm32-eabi/arm-none-eabi/newlib/lib/thumb/v7e-m\libc.a(lib_a-__atexit.o)
 .data          0x00000000        0x0 C:/NXP/S32DS_ARM_v2.2/S32DS/build_tools/gcc_v6.3/gcc-6.3-arm32-eabi/arm-none-eabi/newlib/lib/thumb/v7e-m\libc.a(lib_a-__atexit.o)
 .bss           0x00000000        0x0 C:/NXP/S32DS_ARM_v2.2/S32DS/build_tools/gcc_v6.3/gcc-6.3-arm32-eabi/arm-none-eabi/newlib/lib/thumb/v7e-m\libc.a(lib_a-__atexit.o)
 .text          0x00000000        0x0 C:/NXP/S32DS_ARM_v2.2/S32DS/build_tools/gcc_v6.3/gcc-6.3-arm32-eabi/arm-none-eabi/newlib/lib/thumb/v7e-m\libnosys.a(_exit.o)
 .data          0x00000000        0x0 C:/NXP/S32DS_ARM_v2.2/S32DS/build_tools/gcc_v6.3/gcc-6.3-arm32-eabi/arm-none-eabi/newlib/lib/thumb/v7e-m\libnosys.a(_exit.o)
 .bss           0x00000000        0x0 C:/NXP/S32DS_ARM_v2.2/S32DS/build_tools/gcc_v6.3/gcc-6.3-arm32-eabi/arm-none-eabi/newlib/lib/thumb/v7e-m\libnosys.a(_exit.o)
 .text          0x00000000        0x0 c:/nxp/s32ds_arm_v2.2/s32ds/build_tools/gcc_v6.3/gcc-6.3-arm32-eabi/bin/../lib/gcc/arm-none-eabi/6.3.1/thumb/v7e-m/crtend.o
 .data          0x00000000        0x0 c:/nxp/s32ds_arm_v2.2/s32ds/build_tools/gcc_v6.3/gcc-6.3-arm32-eabi/bin/../lib/gcc/arm-none-eabi/6.3.1/thumb/v7e-m/crtend.o
 .bss           0x00000000        0x0 c:/nxp/s32ds_arm_v2.2/s32ds/build_tools/gcc_v6.3/gcc-6.3-arm32-eabi/bin/../lib/gcc/arm-none-eabi/6.3.1/thumb/v7e-m/crtend.o
 .eh_frame      0x00000000        0x4 c:/nxp/s32ds_arm_v2.2/s32ds/build_tools/gcc_v6.3/gcc-6.3-arm32-eabi/bin/../lib/gcc/arm-none-eabi/6.3.1/thumb/v7e-m/crtend.o
 .text          0x00000000        0x0 c:/nxp/s32ds_arm_v2.2/s32ds/build_tools/gcc_v6.3/gcc-6.3-arm32-eabi/bin/../lib/gcc/arm-none-eabi/6.3.1/thumb/v7e-m/crtn.o
 .data          0x00000000        0x0 c:/nxp/s32ds_arm_v2.2/s32ds/build_tools/gcc_v6.3/gcc-6.3-arm32-eabi/bin/../lib/gcc/arm-none-eabi/6.3.1/thumb/v7e-m/crtn.o
 .bss           0x00000000        0x0 c:/nxp/s32ds_arm_v2.2/s32ds/build_tools/gcc_v6.3/gcc-6.3-arm32-eabi/bin/../lib/gcc/arm-none-eabi/6.3.1/thumb/v7e-m/crtn.o

Memory Configuration

Name             Origin             Length             Attributes
m_interrupts     0x00000000         0x00000400         xr
m_flash_config   0x00000400         0x00000010         xr
m_text           0x00000410         0x0007fbf0         xr
m_data           0x1fff8000         0x00008000         rw
m_data_2         0x20000000         0x00007000         rw
m_flash_blinkled 0x20007000         0x00007000         rw
*default*        0x00000000         0xffffffff

Linker script and memory map

LOAD c:/nxp/s32ds_arm_v2.2/s32ds/build_tools/gcc_v6.3/gcc-6.3-arm32-eabi/bin/../lib/gcc/arm-none-eabi/6.3.1/thumb/v7e-m/crti.o
LOAD c:/nxp/s32ds_arm_v2.2/s32ds/build_tools/gcc_v6.3/gcc-6.3-arm32-eabi/bin/../lib/gcc/arm-none-eabi/6.3.1/thumb/v7e-m/crtbegin.o
LOAD C:/NXP/S32DS_ARM_v2.2/S32DS/build_tools/gcc_v6.3/gcc-6.3-arm32-eabi/arm-none-eabi/newlib/lib/thumb/v7e-m/crt0.o
LOAD ./Project_Settings/Startup_Code/startup.o
LOAD ./Project_Settings/Startup_Code/startup_S32K144.o
LOAD ./Project_Settings/Startup_Code/system_S32K144.o
LOAD ./src/CLOCK.o
LOAD ./src/FTM.o
LOAD ./src/GPIO.o
LOAD ./src/LPUART.o
LOAD ./src/NVIC.o
LOAD ./src/function.o
LOAD ./src/main.o
START GROUP
LOAD c:/nxp/s32ds_arm_v2.2/s32ds/build_tools/gcc_v6.3/gcc-6.3-arm32-eabi/bin/../lib/gcc/arm-none-eabi/6.3.1/thumb/v7e-m\libgcc.a
LOAD C:/NXP/S32DS_ARM_v2.2/S32DS/build_tools/gcc_v6.3/gcc-6.3-arm32-eabi/arm-none-eabi/newlib/lib/thumb/v7e-m\libc.a
END GROUP
START GROUP
LOAD c:/nxp/s32ds_arm_v2.2/s32ds/build_tools/gcc_v6.3/gcc-6.3-arm32-eabi/bin/../lib/gcc/arm-none-eabi/6.3.1/thumb/v7e-m\libgcc.a
LOAD C:/NXP/S32DS_ARM_v2.2/S32DS/build_tools/gcc_v6.3/gcc-6.3-arm32-eabi/arm-none-eabi/newlib/lib/thumb/v7e-m\libc.a
LOAD C:/NXP/S32DS_ARM_v2.2/S32DS/build_tools/gcc_v6.3/gcc-6.3-arm32-eabi/arm-none-eabi/newlib/lib/thumb/v7e-m\libnosys.a
END GROUP
LOAD c:/nxp/s32ds_arm_v2.2/s32ds/build_tools/gcc_v6.3/gcc-6.3-arm32-eabi/bin/../lib/gcc/arm-none-eabi/6.3.1/thumb/v7e-m/crtend.o
LOAD c:/nxp/s32ds_arm_v2.2/s32ds/build_tools/gcc_v6.3/gcc-6.3-arm32-eabi/bin/../lib/gcc/arm-none-eabi/6.3.1/thumb/v7e-m/crtn.o
                0x00000400                HEAP_SIZE = DEFINED (__heap_size__)?__heap_size__:0x400
                0x00000400                STACK_SIZE = DEFINED (__stack_size__)?__stack_size__:0x400
                0x00000400                M_VECTOR_RAM_SIZE = DEFINED (__flash_vector_table__)?0x0:0x400

.flash_blinkled_section
 *(.flash_blinkled_section)

.interrupts     0x00000000      0x400
                0x00000000                __VECTOR_TABLE = .
                0x00000000                __interrupts_start__ = .
                0x00000000                . = ALIGN (0x4)
 *(.isr_vector)
 .isr_vector    0x00000000      0x400 ./Project_Settings/Startup_Code/startup_S32K144.o
                0x00000000                __isr_vector
                0x00000400                __interrupts_end__ = .
                0x00000400                . = ALIGN (0x4)

.flash_config   0x00000400       0x10
                0x00000400                . = ALIGN (0x4)
 *(.FlashConfig)
 .FlashConfig   0x00000400       0x10 ./Project_Settings/Startup_Code/startup_S32K144.o
                0x00000410                . = ALIGN (0x4)

.text           0x00000410      0x948
                0x00000410                . = ALIGN (0x4)
 *(.text)
 .text          0x00000410       0xa4 c:/nxp/s32ds_arm_v2.2/s32ds/build_tools/gcc_v6.3/gcc-6.3-arm32-eabi/bin/../lib/gcc/arm-none-eabi/6.3.1/thumb/v7e-m/crtbegin.o
 .text          0x000004b4       0x74 C:/NXP/S32DS_ARM_v2.2/S32DS/build_tools/gcc_v6.3/gcc-6.3-arm32-eabi/arm-none-eabi/newlib/lib/thumb/v7e-m/crt0.o
                0x000004b4                _start
                0x000004b4                _mainCRTStartup
 .text          0x00000528       0x6c ./Project_Settings/Startup_Code/startup_S32K144.o
                0x00000528                Reset_Handler
                0x00000590                DebugMon_Handler
                0x00000590                Reserved88_IRQHandler
                0x00000590                CAN0_ORed_IRQHandler
                0x00000590                HardFault_Handler
                0x00000590                Reserved86_IRQHandler
                0x00000590                Reserved103_IRQHandler
                0x00000590                SysTick_Handler
                0x00000590                FTM2_Ovf_Reload_IRQHandler
                0x00000590                Reserved50_IRQHandler
                0x00000590                FTFC_Fault_IRQHandler
                0x00000590                FTM0_Ch6_Ch7_IRQHandler
                0x00000590                Reserved114_IRQHandler
                0x00000590                PendSV_Handler
                0x00000590                NMI_Handler
                0x00000590                Reserved89_IRQHandler
                0x00000590                ERM_double_fault_IRQHandler
                0x00000590                DMA2_IRQHandler
                0x00000590                Reserved59_IRQHandler
                0x00000590                LPIT0_Ch0_IRQHandler
                0x00000590                Reserved99_IRQHandler
                0x00000590                FTM3_Ch6_Ch7_IRQHandler
                0x00000590                CAN2_ORed_0_15_MB_IRQHandler
                0x00000590                LPIT0_Ch3_IRQHandler
                0x00000590                Reserved92_IRQHandler
                0x00000590                FTM0_Ch4_Ch5_IRQHandler
                0x00000590                CAN1_Error_IRQHandler
                0x00000590                FTM3_Ch0_Ch1_IRQHandler
                0x00000590                SWI_IRQHandler
                0x00000590                ADC0_IRQHandler
                0x00000590                FTM2_Ch4_Ch5_IRQHandler
                0x00000590                UsageFault_Handler
                0x00000590                FTM0_Ovf_Reload_IRQHandler
                0x00000590                DefaultISR
                0x00000590                DMA9_IRQHandler
                0x00000590                Reserved58_IRQHandler
                0x00000590                CAN1_ORed_0_15_MB_IRQHandler
                0x00000590                FTM1_Ch2_Ch3_IRQHandler
                0x00000590                DMA14_IRQHandler
                0x00000590                Reserved82_IRQHandler
                0x00000590                CAN0_ORed_16_31_MB_IRQHandler
                0x00000590                LPI2C0_Slave_IRQHandler
                0x00000590                Reserved71_IRQHandler
                0x00000590                Reserved69_IRQHandler
                0x00000590                PORTB_IRQHandler
                0x00000590                Reserved70_IRQHandler
                0x00000590                ADC1_IRQHandler
                0x00000590                FTM2_Ch2_Ch3_IRQHandler
                0x00000590                Reserved53_IRQHandler
                0x00000590                DMA5_IRQHandler
                0x00000590                RTC_IRQHandler
                0x00000590                PDB0_IRQHandler
                0x00000590                Reserved54_IRQHandler
                0x00000590                FTM2_Ch6_Ch7_IRQHandler
                0x00000590                FTM3_Ch2_Ch3_IRQHandler
                0x00000590                FTM2_Ch0_Ch1_IRQHandler
                0x00000590                LPSPI1_IRQHandler
                0x00000590                LPUART1_RxTx_IRQHandler
                0x00000590                RTC_Seconds_IRQHandler
                0x00000590                CAN2_ORed_IRQHandler
                0x00000590                Reserved72_IRQHandler
                0x00000590                Reserved110_IRQHandler
                0x00000590                DMA11_IRQHandler
                0x00000590                Reserved107_IRQHandler
                0x00000590                Read_Collision_IRQHandler
                0x00000590                CAN2_Error_IRQHandler
                0x00000590                FTFC_IRQHandler
                0x00000590                DMA7_IRQHandler
                0x00000590                FTM1_Ch6_Ch7_IRQHandler
                0x00000590                Reserved105_IRQHandler
                0x00000590                LPIT0_Ch1_IRQHandler
                0x00000590                FTM1_Ch4_Ch5_IRQHandler
                0x00000590                FTM3_Ovf_Reload_IRQHandler
                0x00000590                LPUART2_RxTx_IRQHandler
                0x00000590                LPSPI0_IRQHandler
                0x00000590                WDOG_EWM_IRQHandler
                0x00000590                MemManage_Handler
                0x00000590                Reserved90_IRQHandler
                0x00000590                Reserved83_IRQHandler
                0x00000590                FTM0_Fault_IRQHandler
                0x00000590                Reserved48_IRQHandler
                0x00000590                SVC_Handler
                0x00000590                ERM_single_fault_IRQHandler
                0x00000590                FTM2_Fault_IRQHandler
                0x00000590                FTM0_Ch2_Ch3_IRQHandler
                0x00000590                DMA13_IRQHandler
                0x00000590                FTM0_Ch0_Ch1_IRQHandler
                0x00000590                FTM3_Fault_IRQHandler
                0x00000590                RCM_IRQHandler
                0x00000590                DMA3_IRQHandler
                0x00000590                Reserved100_IRQHandler
                0x00000590                DMA0_IRQHandler
                0x00000590                Reserved91_IRQHandler
                0x00000590                CAN1_ORed_IRQHandler
                0x00000590                DMA15_IRQHandler
                0x00000590                SCG_IRQHandler
                0x00000590                PDB1_IRQHandler
                0x00000590                Reserved81_IRQHandler
                0x00000590                Reserved46_IRQHandler
                0x00000590                Reserved45_IRQHandler
                0x00000590                CAN0_Error_IRQHandler
                0x00000590                Reserved112_IRQHandler
                0x00000590                LPI2C0_Master_IRQHandler
                0x00000590                DMA4_IRQHandler
                0x00000590                FTM1_Fault_IRQHandler
                0x00000590                Reserved106_IRQHandler
                0x00000590                DMA_Error_IRQHandler
                0x00000590                LVD_LVW_IRQHandler
                0x00000590                LPIT0_Ch2_IRQHandler
                0x00000590                PORTA_IRQHandler
                0x00000590                MCM_IRQHandler
                0x00000590                LPSPI2_IRQHandler
                0x00000590                DMA12_IRQHandler
                0x00000590                FTM3_Ch4_Ch5_IRQHandler
                0x00000590                CAN0_ORed_0_15_MB_IRQHandler
                0x00000590                PORTE_IRQHandler
                0x00000590                LPUART0_RxTx_IRQHandler
                0x00000590                LPTMR0_IRQHandler
                0x00000590                BusFault_Handler
                0x00000590                Reserved87_IRQHandler
                0x00000590                FTM1_Ovf_Reload_IRQHandler
                0x00000590                DMA8_IRQHandler
                0x00000590                Reserved93_IRQHandler
                0x00000590                DMA10_IRQHandler
                0x00000590                CAN0_Wake_Up_IRQHandler
                0x00000590                CMP0_IRQHandler
                0x00000590                Reserved52_IRQHandler
                0x00000590                DMA6_IRQHandler
                0x00000590                FTM1_Ch0_Ch1_IRQHandler
                0x00000590                FLEXIO_IRQHandler
                0x00000590                DMA1_IRQHandler
                0x00000590                Reserved113_IRQHandler
 *(.text*)
 .text.init_data_bss
                0x00000594      0x128 ./Project_Settings/Startup_Code/startup.o
                0x00000594                init_data_bss
 .text.SystemInit
                0x000006bc       0x30 ./Project_Settings/Startup_Code/system_S32K144.o
                0x000006bc                SystemInit
 .text.SOSC_init
                0x000006ec       0x54 ./src/CLOCK.o
                0x000006ec                SOSC_init
 .text.FTM0_init
                0x00000740       0x80 ./src/FTM.o
                0x00000740                FTM0_init
 .text.PORT_init
                0x000007c0      0x100 ./src/GPIO.o
                0x000007c0                PORT_init
 .text.LPUART1_init
                0x000008c0       0x48 ./src/LPUART.o
                0x000008c0                LPUART1_init
 .text.LPUART1_transmit
                0x00000908       0x2c ./src/LPUART.o
                0x00000908                LPUART1_transmit
 .text.NVIC_init
                0x00000934       0x44 ./src/NVIC.o
                0x00000934                NVIC_init
 .text.changeDutyCycle
                0x00000978       0x40 ./src/function.o
                0x00000978                changeDutyCycle
 .text.changeFrequency
                0x000009b8       0x58 ./src/function.o
                0x000009b8                changeFrequency
 .text.main     0x00000a10       0x1a ./src/main.o
                0x00000a10                main
 *fill*         0x00000a2a        0x2 
 .text.PORTC_IRQHandler
                0x00000a2c       0x9c ./src/main.o
                0x00000a2c                PORTC_IRQHandler
 .text.PORTD_IRQHandler
                0x00000ac8       0x50 ./src/main.o
                0x00000ac8                PORTD_IRQHandler
 .text.exit     0x00000b18       0x20 C:/NXP/S32DS_ARM_v2.2/S32DS/build_tools/gcc_v6.3/gcc-6.3-arm32-eabi/arm-none-eabi/newlib/lib/thumb/v7e-m\libc.a(lib_a-exit.o)
                0x00000b18                exit
 .text.__libc_init_array
                0x00000b38       0x48 C:/NXP/S32DS_ARM_v2.2/S32DS/build_tools/gcc_v6.3/gcc-6.3-arm32-eabi/arm-none-eabi/newlib/lib/thumb/v7e-m\libc.a(lib_a-init.o)
                0x00000b38                __libc_init_array
 .text.memset   0x00000b80       0x10 C:/NXP/S32DS_ARM_v2.2/S32DS/build_tools/gcc_v6.3/gcc-6.3-arm32-eabi/arm-none-eabi/newlib/lib/thumb/v7e-m\libc.a(lib_a-memset.o)
                0x00000b80                memset
 .text.startup.register_fini
                0x00000b90       0x14 C:/NXP/S32DS_ARM_v2.2/S32DS/build_tools/gcc_v6.3/gcc-6.3-arm32-eabi/arm-none-eabi/newlib/lib/thumb/v7e-m\libc.a(lib_a-__call_atexit.o)
 .text.__call_exitprocs
                0x00000ba4       0xc8 C:/NXP/S32DS_ARM_v2.2/S32DS/build_tools/gcc_v6.3/gcc-6.3-arm32-eabi/arm-none-eabi/newlib/lib/thumb/v7e-m\libc.a(lib_a-__call_atexit.o)
                0x00000ba4                __call_exitprocs
 .text.__libc_fini_array
                0x00000c6c       0x28 C:/NXP/S32DS_ARM_v2.2/S32DS/build_tools/gcc_v6.3/gcc-6.3-arm32-eabi/arm-none-eabi/newlib/lib/thumb/v7e-m\libc.a(lib_a-fini.o)
                0x00000c6c                __libc_fini_array
 .text.atexit   0x00000c94        0xc C:/NXP/S32DS_ARM_v2.2/S32DS/build_tools/gcc_v6.3/gcc-6.3-arm32-eabi/arm-none-eabi/newlib/lib/thumb/v7e-m\libc.a(lib_a-atexit.o)
                0x00000c94                atexit
 .text.__register_exitproc
                0x00000ca0       0x98 C:/NXP/S32DS_ARM_v2.2/S32DS/build_tools/gcc_v6.3/gcc-6.3-arm32-eabi/arm-none-eabi/newlib/lib/thumb/v7e-m\libc.a(lib_a-__atexit.o)
                0x00000ca0                __register_exitproc
 .text._exit    0x00000d38        0x2 C:/NXP/S32DS_ARM_v2.2/S32DS/build_tools/gcc_v6.3/gcc-6.3-arm32-eabi/arm-none-eabi/newlib/lib/thumb/v7e-m\libnosys.a(_exit.o)
                0x00000d38                _exit
 *(.rodata)
 *(.rodata*)
 *fill*         0x00000d3a        0x2 
 .rodata._global_impure_ptr
                0x00000d3c        0x4 C:/NXP/S32DS_ARM_v2.2/S32DS/build_tools/gcc_v6.3/gcc-6.3-arm32-eabi/arm-none-eabi/newlib/lib/thumb/v7e-m\libc.a(lib_a-impure.o)
                0x00000d3c                _global_impure_ptr
 *(.glue_7)
 .glue_7        0x00000d40        0x0 linker stubs
 *(.glue_7t)
 .glue_7t       0x00000d40        0x0 linker stubs
 *(.eh_frame)
 .eh_frame      0x00000d40        0x0 c:/nxp/s32ds_arm_v2.2/s32ds/build_tools/gcc_v6.3/gcc-6.3-arm32-eabi/bin/../lib/gcc/arm-none-eabi/6.3.1/thumb/v7e-m/crtbegin.o
 *(.init)
 .init          0x00000d40        0x4 c:/nxp/s32ds_arm_v2.2/s32ds/build_tools/gcc_v6.3/gcc-6.3-arm32-eabi/bin/../lib/gcc/arm-none-eabi/6.3.1/thumb/v7e-m/crti.o
                0x00000d40                _init
 .init          0x00000d44        0x8 c:/nxp/s32ds_arm_v2.2/s32ds/build_tools/gcc_v6.3/gcc-6.3-arm32-eabi/bin/../lib/gcc/arm-none-eabi/6.3.1/thumb/v7e-m/crtn.o
 *(.fini)
 .fini          0x00000d4c        0x4 c:/nxp/s32ds_arm_v2.2/s32ds/build_tools/gcc_v6.3/gcc-6.3-arm32-eabi/bin/../lib/gcc/arm-none-eabi/6.3.1/thumb/v7e-m/crti.o
                0x00000d4c                _fini
 .fini          0x00000d50        0x8 c:/nxp/s32ds_arm_v2.2/s32ds/build_tools/gcc_v6.3/gcc-6.3-arm32-eabi/bin/../lib/gcc/arm-none-eabi/6.3.1/thumb/v7e-m/crtn.o
                0x00000d58                . = ALIGN (0x4)

.vfp11_veneer   0x00000d58        0x0
 .vfp11_veneer  0x00000d58        0x0 linker stubs

.v4_bx          0x00000d58        0x0
 .v4_bx         0x00000d58        0x0 linker stubs

.iplt           0x00000d58        0x0
 .iplt          0x00000d58        0x0 c:/nxp/s32ds_arm_v2.2/s32ds/build_tools/gcc_v6.3/gcc-6.3-arm32-eabi/bin/../lib/gcc/arm-none-eabi/6.3.1/thumb/v7e-m/crtbegin.o

.ARM.extab
 *(.ARM.extab* .gnu.linkonce.armextab.*)

.ARM            0x00000d58        0x8
                0x00000d58                __exidx_start = .
 *(.ARM.exidx*)
 .ARM.exidx     0x00000d58        0x8 C:/NXP/S32DS_ARM_v2.2/S32DS/build_tools/gcc_v6.3/gcc-6.3-arm32-eabi/arm-none-eabi/newlib/lib/thumb/v7e-m/crt0.o
                0x00000d60                __exidx_end = .

.rel.dyn        0x00000d60        0x0
 .rel.iplt      0x00000d60        0x0 c:/nxp/s32ds_arm_v2.2/s32ds/build_tools/gcc_v6.3/gcc-6.3-arm32-eabi/bin/../lib/gcc/arm-none-eabi/6.3.1/thumb/v7e-m/crtbegin.o

.ctors          0x00000d60        0x0
                0x00000d60                __CTOR_LIST__ = .
 *crtbegin.o(.ctors)
 *crtbegin?.o(.ctors)
 *(EXCLUDE_FILE(*crtend.o *crtend?.o) .ctors)
 *(SORT(.ctors.*))
 *(.ctors)
                0x00000d60                __CTOR_END__ = .

.dtors          0x00000d60        0x0
                0x00000d60                __DTOR_LIST__ = .
 *crtbegin.o(.dtors)
 *crtbegin?.o(.dtors)
 *(EXCLUDE_FILE(*crtend.o *crtend?.o) .dtors)
 *(SORT(.dtors.*))
 *(.dtors)
                0x00000d60                __DTOR_END__ = .

.preinit_array  0x00000d60        0x0
                0x00000d60                PROVIDE (__preinit_array_start, .)
 *(.preinit_array*)
                0x00000d60                PROVIDE (__preinit_array_end, .)

.init_array     0x00000d60        0x8
                0x00000d60                PROVIDE (__init_array_start, .)
 *(SORT(.init_array.*))
 .init_array.00000
                0x00000d60        0x4 C:/NXP/S32DS_ARM_v2.2/S32DS/build_tools/gcc_v6.3/gcc-6.3-arm32-eabi/arm-none-eabi/newlib/lib/thumb/v7e-m\libc.a(lib_a-__call_atexit.o)
 *(.init_array*)
 .init_array    0x00000d64        0x4 c:/nxp/s32ds_arm_v2.2/s32ds/build_tools/gcc_v6.3/gcc-6.3-arm32-eabi/bin/../lib/gcc/arm-none-eabi/6.3.1/thumb/v7e-m/crtbegin.o
                0x00000d68                PROVIDE (__init_array_end, .)

.fini_array     0x00000d68        0x4
                0x00000d68                PROVIDE (__fini_array_start, .)
 *(SORT(.fini_array.*))
 *(.fini_array*)
 .fini_array    0x00000d68        0x4 c:/nxp/s32ds_arm_v2.2/s32ds/build_tools/gcc_v6.3/gcc-6.3-arm32-eabi/bin/../lib/gcc/arm-none-eabi/6.3.1/thumb/v7e-m/crtbegin.o
                0x00000d6c                PROVIDE (__fini_array_end, .)
                0x00000d6c                __etext = .
                0x00000d6c                __DATA_ROM = .

.interrupts_ram
                0x1fff8000      0x400
                0x1fff8000                . = ALIGN (0x4)
                0x1fff8000                __VECTOR_RAM__ = .
                0x1fff8000                __RAM_START = .
                0x1fff8000                __interrupts_ram_start__ = .
 *(.m_interrupts_ram)
                0x1fff8400                . = (. + M_VECTOR_RAM_SIZE)
 *fill*         0x1fff8000      0x400 
                0x1fff8400                . = ALIGN (0x4)
                0x1fff8400                __interrupts_ram_end__ = .
                0x1fff8000                __VECTOR_RAM = DEFINED (__flash_vector_table__)?ORIGIN (m_interrupts):__VECTOR_RAM__
                0x00000400                __RAM_VECTOR_TABLE_SIZE = DEFINED (__flash_vector_table__)?0x0:(__interrupts_ram_end__ - __interrupts_ram_start__)

.data           0x1fff8400      0x424 load address 0x00000d6c
                0x1fff8400                . = ALIGN (0x4)
                0x1fff8400                __DATA_RAM = .
                0x1fff8400                __data_start__ = .
 *(.data)
 *(.data*)
 .data.dutyCycleVar
                0x1fff8400        0x1 ./src/main.o
                0x1fff8400                dutyCycleVar
 *fill*         0x1fff8401        0x7 
 .data.impure_data
                0x1fff8408      0x418 C:/NXP/S32DS_ARM_v2.2/S32DS/build_tools/gcc_v6.3/gcc-6.3-arm32-eabi/arm-none-eabi/newlib/lib/thumb/v7e-m\libc.a(lib_a-impure.o)
 *(.jcr*)
 .jcr           0x1fff8820        0x0 c:/nxp/s32ds_arm_v2.2/s32ds/build_tools/gcc_v6.3/gcc-6.3-arm32-eabi/bin/../lib/gcc/arm-none-eabi/6.3.1/thumb/v7e-m/crtbegin.o
 .jcr           0x1fff8820        0x4 c:/nxp/s32ds_arm_v2.2/s32ds/build_tools/gcc_v6.3/gcc-6.3-arm32-eabi/bin/../lib/gcc/arm-none-eabi/6.3.1/thumb/v7e-m/crtend.o
                0x1fff8824                . = ALIGN (0x4)
                0x1fff8824                __data_end__ = .
                0x00001190                __DATA_END = (__DATA_ROM + (__data_end__ - __data_start__))
                0x00001190                __CODE_ROM = __DATA_END

.tm_clone_table
                0x1fff8824        0x0 load address 0x00001190
 .tm_clone_table
                0x1fff8824        0x0 c:/nxp/s32ds_arm_v2.2/s32ds/build_tools/gcc_v6.3/gcc-6.3-arm32-eabi/bin/../lib/gcc/arm-none-eabi/6.3.1/thumb/v7e-m/crtbegin.o
 .tm_clone_table
                0x1fff8824        0x0 c:/nxp/s32ds_arm_v2.2/s32ds/build_tools/gcc_v6.3/gcc-6.3-arm32-eabi/bin/../lib/gcc/arm-none-eabi/6.3.1/thumb/v7e-m/crtend.o

.igot.plt       0x1fff8824        0x0 load address 0x00001190
 .igot.plt      0x1fff8824        0x0 c:/nxp/s32ds_arm_v2.2/s32ds/build_tools/gcc_v6.3/gcc-6.3-arm32-eabi/bin/../lib/gcc/arm-none-eabi/6.3.1/thumb/v7e-m/crtbegin.o

.code           0x1fff8824        0x0 load address 0x00001190
                0x1fff8824                . = ALIGN (0x4)
                0x1fff8824                __CODE_RAM = .
                0x1fff8824                __code_start__ = .
                0x1fff8824                __code_ram_start__ = .
 *(.code_ram)
                0x1fff8824                . = ALIGN (0x4)
                0x1fff8824                __code_end__ = .
                0x1fff8824                __code_ram_end__ = .
                0x00001190                __CODE_END = (__CODE_ROM + (__code_end__ - __code_start__))
                0x00001190                __CUSTOM_ROM = __CODE_END

.customSectionBlock
                0x20000000        0x0 load address 0x00001190
                0x20000000                __customSection_start__ = .
 *(.customSection)
                0x20000000                __customSection_end__ = .
                0x00001190                __CUSTOM_END = (__CUSTOM_ROM + (__customSection_end__ - __customSection_start__))

.bss            0x20000000       0x20
                0x20000000                . = ALIGN (0x4)
                0x20000000                __BSS_START = .
                0x20000000                __bss_start__ = .
 *(.bss)
 .bss           0x20000000       0x1c c:/nxp/s32ds_arm_v2.2/s32ds/build_tools/gcc_v6.3/gcc-6.3-arm32-eabi/bin/../lib/gcc/arm-none-eabi/6.3.1/thumb/v7e-m/crtbegin.o
 *(.bss*)
 .bss.frequencyMode
                0x2000001c        0x1 ./src/main.o
                0x2000001c                frequencyMode
 *(COMMON)
                0x20000020                . = ALIGN (0x4)
 *fill*         0x2000001d        0x3 
                0x20000020                __bss_end__ = .
                0x20000020                __BSS_END = .

.heap           0x20000020      0x400
                0x20000020                . = ALIGN (0x8)
                0x20000020                __end__ = .
                0x20000020                __heap_start__ = .
                [!provide]                PROVIDE (end, .)
                [!provide]                PROVIDE (_end, .)
                [!provide]                PROVIDE (__end, .)
                0x20000020                __HeapBase = .
                0x20000420                . = (. + HEAP_SIZE)
 *fill*         0x20000020      0x400 
                0x20000420                __HeapLimit = .
                0x20000420                __heap_limit = .
                0x20000420                __heap_end__ = .
                0x20007000                __StackTop = (ORIGIN (m_data_2) + LENGTH (m_data_2))
                0x20006c00                __StackLimit = (__StackTop - STACK_SIZE)
                0x20007000                PROVIDE (__stack, __StackTop)
                0x20007000                __RAM_END = __StackTop

.stack          0x20006c00      0x400
                0x20006c00                . = ALIGN (0x8)
                0x20006c00                __stack_start__ = .
                0x20007000                . = (. + STACK_SIZE)
 *fill*         0x20006c00      0x400 
                0x20007000                __stack_end__ = .
                0x20000000                __START_BSS = __BSS_START
                0x20000020                __END_BSS = __BSS_END
                0x20007000                __SP_INIT = __StackTop

.ARM.attributes
                0x00000000       0x2a
 *(.ARM.attributes)
 .ARM.attributes
                0x00000000       0x1e c:/nxp/s32ds_arm_v2.2/s32ds/build_tools/gcc_v6.3/gcc-6.3-arm32-eabi/bin/../lib/gcc/arm-none-eabi/6.3.1/thumb/v7e-m/crti.o
 .ARM.attributes
                0x0000001e       0x2e c:/nxp/s32ds_arm_v2.2/s32ds/build_tools/gcc_v6.3/gcc-6.3-arm32-eabi/bin/../lib/gcc/arm-none-eabi/6.3.1/thumb/v7e-m/crtbegin.o
 .ARM.attributes
                0x0000004c       0x1c C:/NXP/S32DS_ARM_v2.2/S32DS/build_tools/gcc_v6.3/gcc-6.3-arm32-eabi/arm-none-eabi/newlib/lib/thumb/v7e-m/crt0.o
 .ARM.attributes
                0x00000068       0x33 ./Project_Settings/Startup_Code/startup.o
 .ARM.attributes
                0x0000009b       0x1b ./Project_Settings/Startup_Code/startup_S32K144.o
 .ARM.attributes
                0x000000b6       0x33 ./Project_Settings/Startup_Code/system_S32K144.o
 .ARM.attributes
                0x000000e9       0x33 ./src/CLOCK.o
 .ARM.attributes
                0x0000011c       0x33 ./src/FTM.o
 .ARM.attributes
                0x0000014f       0x33 ./src/GPIO.o
 .ARM.attributes
                0x00000182       0x33 ./src/LPUART.o
 .ARM.attributes
                0x000001b5       0x33 ./src/NVIC.o
 .ARM.attributes
                0x000001e8       0x33 ./src/function.o
 .ARM.attributes
                0x0000021b       0x33 ./src/main.o
 .ARM.attributes
                0x0000024e       0x2e C:/NXP/S32DS_ARM_v2.2/S32DS/build_tools/gcc_v6.3/gcc-6.3-arm32-eabi/arm-none-eabi/newlib/lib/thumb/v7e-m\libc.a(lib_a-exit.o)
 .ARM.attributes
                0x0000027c       0x2e C:/NXP/S32DS_ARM_v2.2/S32DS/build_tools/gcc_v6.3/gcc-6.3-arm32-eabi/arm-none-eabi/newlib/lib/thumb/v7e-m\libc.a(lib_a-impure.o)
 .ARM.attributes
                0x000002aa       0x2e C:/NXP/S32DS_ARM_v2.2/S32DS/build_tools/gcc_v6.3/gcc-6.3-arm32-eabi/arm-none-eabi/newlib/lib/thumb/v7e-m\libc.a(lib_a-init.o)
 .ARM.attributes
                0x000002d8       0x2e C:/NXP/S32DS_ARM_v2.2/S32DS/build_tools/gcc_v6.3/gcc-6.3-arm32-eabi/arm-none-eabi/newlib/lib/thumb/v7e-m\libc.a(lib_a-memset.o)
 .ARM.attributes
                0x00000306       0x2e C:/NXP/S32DS_ARM_v2.2/S32DS/build_tools/gcc_v6.3/gcc-6.3-arm32-eabi/arm-none-eabi/newlib/lib/thumb/v7e-m\libc.a(lib_a-__call_atexit.o)
 .ARM.attributes
                0x00000334       0x2e C:/NXP/S32DS_ARM_v2.2/S32DS/build_tools/gcc_v6.3/gcc-6.3-arm32-eabi/arm-none-eabi/newlib/lib/thumb/v7e-m\libc.a(lib_a-fini.o)
 .ARM.attributes
                0x00000362       0x2e C:/NXP/S32DS_ARM_v2.2/S32DS/build_tools/gcc_v6.3/gcc-6.3-arm32-eabi/arm-none-eabi/newlib/lib/thumb/v7e-m\libc.a(lib_a-atexit.o)
 .ARM.attributes
                0x00000390       0x2e C:/NXP/S32DS_ARM_v2.2/S32DS/build_tools/gcc_v6.3/gcc-6.3-arm32-eabi/arm-none-eabi/newlib/lib/thumb/v7e-m\libc.a(lib_a-__atexit.o)
 .ARM.attributes
                0x000003be       0x2e C:/NXP/S32DS_ARM_v2.2/S32DS/build_tools/gcc_v6.3/gcc-6.3-arm32-eabi/arm-none-eabi/newlib/lib/thumb/v7e-m\libnosys.a(_exit.o)
 .ARM.attributes
                0x000003ec       0x2e c:/nxp/s32ds_arm_v2.2/s32ds/build_tools/gcc_v6.3/gcc-6.3-arm32-eabi/bin/../lib/gcc/arm-none-eabi/6.3.1/thumb/v7e-m/crtend.o
 .ARM.attributes
                0x0000041a       0x1e c:/nxp/s32ds_arm_v2.2/s32ds/build_tools/gcc_v6.3/gcc-6.3-arm32-eabi/bin/../lib/gcc/arm-none-eabi/6.3.1/thumb/v7e-m/crtn.o
                0x00000001                ASSERT ((__StackLimit >= __HeapLimit), region m_data_2 overflowed with stack and heap)
OUTPUT(Excercise2.elf elf32-littlearm)

.comment        0x00000000       0xa0
 .comment       0x00000000       0xa0 c:/nxp/s32ds_arm_v2.2/s32ds/build_tools/gcc_v6.3/gcc-6.3-arm32-eabi/bin/../lib/gcc/arm-none-eabi/6.3.1/thumb/v7e-m/crtbegin.o
                                 0xa1 (size before relaxing)
 .comment       0x000000a0       0xa1 ./Project_Settings/Startup_Code/startup.o
 .comment       0x000000a0       0xa1 ./Project_Settings/Startup_Code/system_S32K144.o
 .comment       0x000000a0       0xa1 ./src/CLOCK.o
 .comment       0x000000a0       0xa1 ./src/FTM.o
 .comment       0x000000a0       0xa1 ./src/GPIO.o
 .comment       0x000000a0       0xa1 ./src/LPUART.o
 .comment       0x000000a0       0xa1 ./src/NVIC.o
 .comment       0x000000a0       0xa1 ./src/function.o
 .comment       0x000000a0       0xa1 ./src/main.o
 .comment       0x000000a0       0xa1 c:/nxp/s32ds_arm_v2.2/s32ds/build_tools/gcc_v6.3/gcc-6.3-arm32-eabi/bin/../lib/gcc/arm-none-eabi/6.3.1/thumb/v7e-m/crtend.o

.debug_info     0x00000000     0x14f9
 .debug_info    0x00000000      0x471 ./Project_Settings/Startup_Code/startup.o
 .debug_info    0x00000471       0x26 ./Project_Settings/Startup_Code/startup_S32K144.o
 .debug_info    0x00000497      0x522 ./Project_Settings/Startup_Code/system_S32K144.o
 .debug_info    0x000009b9      0x1e6 ./src/CLOCK.o
 .debug_info    0x00000b9f      0x269 ./src/FTM.o
 .debug_info    0x00000e08      0x101 ./src/GPIO.o
 .debug_info    0x00000f09      0x130 ./src/LPUART.o
 .debug_info    0x00001039      0x175 ./src/NVIC.o
 .debug_info    0x000011ae      0x262 ./src/function.o
 .debug_info    0x00001410       0xe9 ./src/main.o

.debug_abbrev   0x00000000      0x6c8
 .debug_abbrev  0x00000000      0x108 ./Project_Settings/Startup_Code/startup.o
 .debug_abbrev  0x00000108       0x14 ./Project_Settings/Startup_Code/startup_S32K144.o
 .debug_abbrev  0x0000011c      0x125 ./Project_Settings/Startup_Code/system_S32K144.o
 .debug_abbrev  0x00000241       0xaa ./src/CLOCK.o
 .debug_abbrev  0x000002eb       0x9a ./src/FTM.o
 .debug_abbrev  0x00000385       0x9c ./src/GPIO.o
 .debug_abbrev  0x00000421       0x9a ./src/LPUART.o
 .debug_abbrev  0x000004bb       0xa3 ./src/NVIC.o
 .debug_abbrev  0x0000055e       0xb6 ./src/function.o
 .debug_abbrev  0x00000614       0xb4 ./src/main.o

.debug_aranges  0x00000000      0x170
 .debug_aranges
                0x00000000       0x20 ./Project_Settings/Startup_Code/startup.o
 .debug_aranges
                0x00000020       0x20 ./Project_Settings/Startup_Code/startup_S32K144.o
 .debug_aranges
                0x00000040       0x30 ./Project_Settings/Startup_Code/system_S32K144.o
 .debug_aranges
                0x00000070       0x20 ./src/CLOCK.o
 .debug_aranges
                0x00000090       0x20 ./src/FTM.o
 .debug_aranges
                0x000000b0       0x20 ./src/GPIO.o
 .debug_aranges
                0x000000d0       0x28 ./src/LPUART.o
 .debug_aranges
                0x000000f8       0x20 ./src/NVIC.o
 .debug_aranges
                0x00000118       0x28 ./src/function.o
 .debug_aranges
                0x00000140       0x30 ./src/main.o

.debug_ranges   0x00000000       0xc0
 .debug_ranges  0x00000000       0x10 ./Project_Settings/Startup_Code/startup.o
 .debug_ranges  0x00000010       0x20 ./Project_Settings/Startup_Code/system_S32K144.o
 .debug_ranges  0x00000030       0x10 ./src/CLOCK.o
 .debug_ranges  0x00000040       0x10 ./src/FTM.o
 .debug_ranges  0x00000050       0x10 ./src/GPIO.o
 .debug_ranges  0x00000060       0x18 ./src/LPUART.o
 .debug_ranges  0x00000078       0x10 ./src/NVIC.o
 .debug_ranges  0x00000088       0x18 ./src/function.o
 .debug_ranges  0x000000a0       0x20 ./src/main.o

.debug_macro    0x00000000    0x1f746
 .debug_macro   0x00000000       0xb5 ./Project_Settings/Startup_Code/startup.o
 .debug_macro   0x000000b5      0x8d4 ./Project_Settings/Startup_Code/startup.o
 .debug_macro   0x00000989       0x22 ./Project_Settings/Startup_Code/startup.o
 .debug_macro   0x000009ab       0x87 ./Project_Settings/Startup_Code/startup.o
 .debug_macro   0x00000a32       0x51 ./Project_Settings/Startup_Code/startup.o
 .debug_macro   0x00000a83       0xef ./Project_Settings/Startup_Code/startup.o
 .debug_macro   0x00000b72       0x6a ./Project_Settings/Startup_Code/startup.o
 .debug_macro   0x00000bdc      0x1df ./Project_Settings/Startup_Code/startup.o
 .debug_macro   0x00000dbb       0x10 ./Project_Settings/Startup_Code/startup.o
 .debug_macro   0x00000dcb       0x7a ./Project_Settings/Startup_Code/startup.o
 .debug_macro   0x00000e45     0xed32 ./Project_Settings/Startup_Code/startup.o
 .debug_macro   0x0000fb77      0xb86 ./Project_Settings/Startup_Code/startup.o
 .debug_macro   0x000106fd       0x22 ./Project_Settings/Startup_Code/startup.o
 .debug_macro   0x0001071f       0x40 ./Project_Settings/Startup_Code/startup.o
 .debug_macro   0x0001075f       0xb5 ./Project_Settings/Startup_Code/system_S32K144.o
 .debug_macro   0x00010814       0x19 ./Project_Settings/Startup_Code/system_S32K144.o
 .debug_macro   0x0001082d     0xed1d ./Project_Settings/Startup_Code/system_S32K144.o
 .debug_macro   0x0001f54a       0x28 ./Project_Settings/Startup_Code/system_S32K144.o
 .debug_macro   0x0001f572       0x1a ./src/CLOCK.o
 .debug_macro   0x0001f58c      0x11e ./src/CLOCK.o
 .debug_macro   0x0001f6aa       0x1a ./src/FTM.o
 .debug_macro   0x0001f6c4       0x1a ./src/GPIO.o
 .debug_macro   0x0001f6de       0x1a ./src/LPUART.o
 .debug_macro   0x0001f6f8       0x1a ./src/NVIC.o
 .debug_macro   0x0001f712       0x1a ./src/function.o
 .debug_macro   0x0001f72c       0x1a ./src/main.o

.debug_line     0x00000000      0x9fa
 .debug_line    0x00000000      0x330 ./Project_Settings/Startup_Code/startup.o
 .debug_line    0x00000330       0x91 ./Project_Settings/Startup_Code/startup_S32K144.o
 .debug_line    0x000003c1      0x34d ./Project_Settings/Startup_Code/system_S32K144.o
 .debug_line    0x0000070e       0x5f ./src/CLOCK.o
 .debug_line    0x0000076d       0x5c ./src/FTM.o
 .debug_line    0x000007c9       0x64 ./src/GPIO.o
 .debug_line    0x0000082d       0x72 ./src/LPUART.o
 .debug_line    0x0000089f       0x59 ./src/NVIC.o
 .debug_line    0x000008f8       0x70 ./src/function.o
 .debug_line    0x00000968       0x92 ./src/main.o

.debug_str      0x00000000    0x69180
 .debug_str     0x00000000    0x688b4 ./Project_Settings/Startup_Code/startup.o
                              0x68adc (size before relaxing)
 .debug_str     0x000688b4       0x3f ./Project_Settings/Startup_Code/startup_S32K144.o
                                 0x7c (size before relaxing)
 .debug_str     0x000688f3      0x1f3 ./Project_Settings/Startup_Code/system_S32K144.o
                              0x688b5 (size before relaxing)
 .debug_str     0x00068ae6      0x423 ./src/CLOCK.o
                               0x2c53 (size before relaxing)
 .debug_str     0x00068f09       0xe6 ./src/FTM.o
                               0x2c89 (size before relaxing)
 .debug_str     0x00068fef       0x4d ./src/GPIO.o
                               0x2bcd (size before relaxing)
 .debug_str     0x0006903c       0x73 ./src/LPUART.o
                               0x2bfd (size before relaxing)
 .debug_str     0x000690af       0x4f ./src/NVIC.o
                               0x2bfa (size before relaxing)
 .debug_str     0x000690fe       0x4d ./src/function.o
                               0x2cb3 (size before relaxing)
 .debug_str     0x0006914b       0x35 ./src/main.o
                               0x2bd0 (size before relaxing)

.debug_frame    0x00000000      0x3ec
 .debug_frame   0x00000000       0x38 ./Project_Settings/Startup_Code/startup.o
 .debug_frame   0x00000038       0x80 ./Project_Settings/Startup_Code/system_S32K144.o
 .debug_frame   0x000000b8       0x30 ./src/CLOCK.o
 .debug_frame   0x000000e8       0x30 ./src/FTM.o
 .debug_frame   0x00000118       0x30 ./src/GPIO.o
 .debug_frame   0x00000148       0x58 ./src/LPUART.o
 .debug_frame   0x000001a0       0x30 ./src/NVIC.o
 .debug_frame   0x000001d0       0x50 ./src/function.o
 .debug_frame   0x00000220       0x64 ./src/main.o
 .debug_frame   0x00000284       0x28 C:/NXP/S32DS_ARM_v2.2/S32DS/build_tools/gcc_v6.3/gcc-6.3-arm32-eabi/arm-none-eabi/newlib/lib/thumb/v7e-m\libc.a(lib_a-exit.o)
 .debug_frame   0x000002ac       0x2c C:/NXP/S32DS_ARM_v2.2/S32DS/build_tools/gcc_v6.3/gcc-6.3-arm32-eabi/arm-none-eabi/newlib/lib/thumb/v7e-m\libc.a(lib_a-init.o)
 .debug_frame   0x000002d8       0x20 C:/NXP/S32DS_ARM_v2.2/S32DS/build_tools/gcc_v6.3/gcc-6.3-arm32-eabi/arm-none-eabi/newlib/lib/thumb/v7e-m\libc.a(lib_a-memset.o)
 .debug_frame   0x000002f8       0x4c C:/NXP/S32DS_ARM_v2.2/S32DS/build_tools/gcc_v6.3/gcc-6.3-arm32-eabi/arm-none-eabi/newlib/lib/thumb/v7e-m\libc.a(lib_a-__call_atexit.o)
 .debug_frame   0x00000344       0x38 C:/NXP/S32DS_ARM_v2.2/S32DS/build_tools/gcc_v6.3/gcc-6.3-arm32-eabi/arm-none-eabi/newlib/lib/thumb/v7e-m\libc.a(lib_a-fini.o)
 .debug_frame   0x0000037c       0x20 C:/NXP/S32DS_ARM_v2.2/S32DS/build_tools/gcc_v6.3/gcc-6.3-arm32-eabi/arm-none-eabi/newlib/lib/thumb/v7e-m\libc.a(lib_a-atexit.o)
 .debug_frame   0x0000039c       0x30 C:/NXP/S32DS_ARM_v2.2/S32DS/build_tools/gcc_v6.3/gcc-6.3-arm32-eabi/arm-none-eabi/newlib/lib/thumb/v7e-m\libc.a(lib_a-__atexit.o)
 .debug_frame   0x000003cc       0x20 C:/NXP/S32DS_ARM_v2.2/S32DS/build_tools/gcc_v6.3/gcc-6.3-arm32-eabi/arm-none-eabi/newlib/lib/thumb/v7e-m\libnosys.a(_exit.o)
